#
# There is insufficient memory for the Java Runtime Environment to continue.
# Native memory allocation (mmap) failed to map 266338304 bytes. Error detail: G1 virtual space
# Possible reasons:
#   The system is out of physical RAM or swap space
#   This process is running with CompressedOops enabled, and the Java Heap may be blocking the growth of the native heap
# Possible solutions:
#   Reduce memory load on the system
#   Increase physical memory or swap space
#   Check if swap backing store is full
#   Decrease Java heap size (-Xmx/-Xms)
#   Decrease number of Java threads
#   Decrease Java thread stack sizes (-Xss)
#   Set larger code cache with -XX:ReservedCodeCacheSize=
#   JVM is running with Zero Based Compressed Oops mode in which the Java heap is
#     placed in the first 32GB address space. The Java Heap base address is the
#     maximum limit for the native heap growth. Please use -XX:HeapBaseMinAddress
#     to set the Java Heap base and to place the Java Heap above 32GB virtual address.
# This output file may be truncated or incomplete.
#
#  Out of Memory Error (os_windows.cpp:3554), pid=21920, tid=21984
#
# JRE version:  (25.0.1+8) (build )
# Java VM: Java HotSpot(TM) 64-Bit Server VM (25.0.1+8-LTS-27, mixed mode, sharing, tiered, compressed oops, compressed class ptrs, g1 gc, windows-amd64)
# No core dump will be written. Minidumps are not enabled by default on client versions of Windows
#

---------------  S U M M A R Y ------------

Command Line: -Djdk.module.main=jdk.jartool jdk.jartool/sun.tools.jar.Main --create --file smilecare.jar --main-class com.smilecare.Main -C build .

Host: Intel(R) Core(TM) i5-10210U CPU @ 1.60GHz, 8 cores, 15G,  Windows 11 , 64 bit Build 26100 (10.0.26100.7920)
Time: Sat Sep  5 14:15:31 2026 Sri Lanka Standard Time elapsed time: 0.071791 seconds (0d 0h 0m 0s)

---------------  T H R E A D  ---------------

Current thread (0x00000270f2fc04b0):  JavaThread "Unknown thread" [_thread_in_vm, id=21984, stack(0x000000cab7e00000,0x000000cab7f00000) (1024K)]

Stack: [0x000000cab7e00000,0x000000cab7f00000]
Native frames: (J=compiled Java code, j=interpreted, Vv=VM code, C=native code)
V  [jvm.dll+0x7a6b59]  (no source info available)
V  [jvm.dll+0x77290d]  (no source info available)
V  [jvm.dll+0x966153]  (no source info available)
V  [jvm.dll+0x968751]  (no source info available)
V  [jvm.dll+0x968e53]  (no source info available)
V  [jvm.dll+0x2fc756]  (no source info available)
V  [jvm.dll+0x7a2d85]  (no source info available)
V  [jvm.dll+0x796197]  (no source info available)
V  [jvm.dll+0x3f4698]  (no source info available)
V  [jvm.dll+0x3fc5b6]  (no source info available)
V  [jvm.dll+0x3e8c8e]  (no source info available)
V  [jvm.dll+0x3e8f48]  (no source info available)
V  [jvm.dll+0x3c0045]  (no source info available)
V  [jvm.dll+0x3c0cce]  (no source info available)
V  [jvm.dll+0x92c837]  (no source info available)
V  [jvm.dll+0x458bc2]  (no source info available)
V  [jvm.dll+0x9101e2]  (no source info available)
V  [jvm.dll+0x4f9061]  (no source info available)
V  [jvm.dll+0x4fa8f1]  (no source info available)
C  [jli.dll+0x543e]  (no source info available)
C  [ucrtbase.dll+0x37b0]  (no source info available)
C  [KERNEL32.DLL+0x2e8d7]  (no source info available)
C  [ntdll.dll+0x8c48c]  (no source info available)

Lock stack of current Java thread (top to bottom):


---------------  P R O C E S S  ---------------

Threads class SMR info:
_java_thread_list=0x00007ffef14b5308, length=0, elements={
}

Java Threads: ( => current thread )
Total: 0

Other Threads:
  0x00000270f551bd40 WorkerThread "GC Thread#0"                     [id=15264, stack(0x000000cab7f00000,0x000000cab8000000) (1024K)]
  0x00000270f55350e0 ConcurrentGCThread "G1 Main Marker"            [id=4672, stack(0x000000cab8000000,0x000000cab8100000) (1024K)]
  0x00000270f5536ad0 WorkerThread "G1 Conc#0"                       [id=20636, stack(0x000000cab8100000,0x000000cab8200000) (1024K)]

[error occurred during error reporting (printing all threads), id 0xc0000005, EXCEPTION_ACCESS_VIOLATION (0xc0000005) at pc=0x00007ffef0b94c2a]
VM state: not at safepoint (not fully initialized)

VM Mutex/Monitor currently owned by a thread:  ([mutex/lock_event])
[0x00007ffef1539668] Heap_lock - owner thread: 0x00000270f2fc04b0

Heap address: 0x0000000703800000, size: 4040 MB, Compressed Oops mode: Zero based, Oop shift amount: 3

CDS archive(s) mapped at: [0x0000000000000000-0x0000000000000000-0x0000000000000000), size 0, SharedBaseAddress: 0x0000000800000000, ArchiveRelocationMode: 1.
UseCompressedClassPointers 1, UseCompactObjectHeaders 0
Narrow klass pointer bits 32, Max shift 3
Narrow klass base: 0xffffffffffffffff, Narrow klass shift: -1
Encoding Range: [0xffffffffffffffff - 0x000000007fffffff), (2147483648 bytes)
Klass Range:    [0x0000000000000000 - 0x0000000000000000), (0 bytes)
Klass ID Range:  [4294967295 - 0) (1)
No protection zone.

GC Precious Log:
 CardTable entry size: 512
 Card Set container configuration: InlinePtr #cards 4 size 8 Array Of Cards #cards 16 size 48 Howl #buckets 8 coarsen threshold 3686 Howl Bitmap #cards 512 size 80 coarsen threshold 460 Card regions per heap region 1 cards per card region 4096

Heap:
 garbage-first heap   total reserved 4136960K, committed 0K, used 0K [0x0000000703800000, 0x0000000800000000)
  region size 2048K, 0 young (0K), 0 survivors (0K)

Heap Regions: E=young(eden), S=young(survivor), O=old, HS=humongous(starts), HC=humongous(continues), CS=collection set, F=free, TAMS=top-at-mark-start, PB=parsable bottom

Card table byte_map: [0x00000270fe840000,0x00000270ff030000] _byte_map_base: 0x00000270fb024000

Marking Bits: (CMBitMap*) 0x00000270f551cce0
 Bits: [0x000002708f000000, 0x0000027092f20000)

GC Heap Usage History (0 events):
No events

Metaspace Usage History (0 events):
No events

Dll operation events (1 events):
Event: 0.024 Loaded shared library C:\Program Files\Java\jdk-25\bin\java.dll

Deoptimization events (0 events):
No events

Classes loaded (0 events):
No events

Classes unloaded (0 events):
No events

Classes redefined (0 events):
No events

Internal exceptions (0 events):
No events

VM Operations (0 events):
No events

Memory protections (0 events):
No events

Nmethod flushes (0 events):
No events

Events (0 events):
No events


Dynamic libraries:
0x00007ff65a560000 - 0x00007ff65a570000 	C:\Program Files\Java\jdk-25\bin\java.exe
0x00007fffcf980000 - 0x00007fffcfbe7000 	C:\WINDOWS\SYSTEM32\ntdll.dll
0x00007fffcea10000 - 0x00007fffcead9000 	C:\WINDOWS\System32\KERNEL32.DLL
0x00007fffcc5f0000 - 0x00007fffcc9e1000 	C:\WINDOWS\System32\KERNELBASE.dll
0x00007fffc95a0000 - 0x00007fffc963f000 	C:\WINDOWS\SYSTEM32\apphelp.dll
0x00007fffcc4a0000 - 0x00007fffcc5eb000 	C:\WINDOWS\System32\ucrtbase.dll
0x00007fff8c9e0000 - 0x00007fff8c9f7000 	C:\Program Files\Java\jdk-25\bin\jli.dll
0x00007fff8e6b0000 - 0x00007fff8e6ce000 	C:\Program Files\Java\jdk-25\bin\VCRUNTIME140.dll
0x00007fffcf480000 - 0x00007fffcf645000 	C:\WINDOWS\System32\USER32.dll
0x00007fffac580000 - 0x00007fffac813000 	C:\WINDOWS\WinSxS\amd64_microsoft.windows.common-controls_6595b64144ccf1df_6.0.26100.8037_none_3e092faae333b53b\COMCTL32.dll
0x00007fffcc260000 - 0x00007fffcc287000 	C:\WINDOWS\System32\win32u.dll
0x00007fffcd900000 - 0x00007fffcd9a9000 	C:\WINDOWS\System32\msvcrt.dll
0x00007fffce320000 - 0x00007fffce34b000 	C:\WINDOWS\System32\GDI32.dll
0x00007fffcccd0000 - 0x00007fffccdfb000 	C:\WINDOWS\System32\gdi32full.dll
0x00007fffccc20000 - 0x00007fffcccc3000 	C:\WINDOWS\System32\msvcp_win.dll
0x00007fffcf800000 - 0x00007fffcf831000 	C:\WINDOWS\System32\IMM32.DLL
0x00007fff8c9d0000 - 0x00007fff8c9dc000 	C:\Program Files\Java\jdk-25\bin\vcruntime140_1.dll
0x00007fff3b090000 - 0x00007fff3b11d000 	C:\Program Files\Java\jdk-25\bin\msvcp140.dll
0x00007ffef07c0000 - 0x00007ffef161f000 	C:\Program Files\Java\jdk-25\bin\server\jvm.dll
0x00007fffcdd50000 - 0x00007fffcde0b000 	C:\WINDOWS\System32\ADVAPI32.dll
0x00007fffce3d0000 - 0x00007fffce477000 	C:\WINDOWS\System32\sechost.dll
0x00007fffce8f0000 - 0x00007fffcea08000 	C:\WINDOWS\System32\RPCRT4.dll
0x00007fffce350000 - 0x00007fffce3c4000 	C:\WINDOWS\System32\WS2_32.dll
0x00007fffcc0c0000 - 0x00007fffcc11e000 	C:\WINDOWS\SYSTEM32\POWRPROF.dll
0x00007fffb3960000 - 0x00007fffb3995000 	C:\WINDOWS\SYSTEM32\WINMM.dll
0x00007fffbe9a0000 - 0x00007fffbe9ab000 	C:\WINDOWS\SYSTEM32\VERSION.dll
0x00007fffcc0a0000 - 0x00007fffcc0b4000 	C:\WINDOWS\SYSTEM32\UMPDC.dll
0x00007fffcafb0000 - 0x00007fffcafcb000 	C:\WINDOWS\SYSTEM32\kernel.appcore.dll
0x00007fff86ad0000 - 0x00007fff86ada000 	C:\Program Files\Java\jdk-25\bin\jimage.dll
0x00007fffc9ba0000 - 0x00007fffc9de2000 	C:\WINDOWS\SYSTEM32\DBGHELP.DLL
0x00007fffcd9c0000 - 0x00007fffcdd42000 	C:\WINDOWS\System32\combase.dll
0x00007fffcd820000 - 0x00007fffcd8f7000 	C:\WINDOWS\System32\OLEAUT32.dll
0x00007fffaaac0000 - 0x00007fffaaafb000 	C:\WINDOWS\SYSTEM32\dbgcore.DLL
0x00007fffcce00000 - 0x00007fffccea5000 	C:\WINDOWS\System32\bcryptPrimitives.dll
0x00007fff86ab0000 - 0x00007fff86acf000 	C:\Program Files\Java\jdk-25\bin\java.dll
0x00007fffcf660000 - 0x00007fffcf7f5000 	C:\WINDOWS\System32\ole32.dll
0x00007fffceca0000 - 0x00007fffcf3ff000 	C:\WINDOWS\System32\SHELL32.dll
0x00007fffcc9f0000 - 0x00007fffccb5a000 	C:\WINDOWS\System32\wintypes.dll

JVMTI agents: none

dbghelp: loaded successfully - version: 4.0.5 - missing functions: none
symbol engine: initialized successfully - sym options: 0x614 - pdb path: .;C:\Program Files\Java\jdk-25\bin;C:\WINDOWS\SYSTEM32;C:\WINDOWS\WinSxS\amd64_microsoft.windows.common-controls_6595b64144ccf1df_6.0.26100.8037_none_3e092faae333b53b;C:\Program Files\Java\jdk-25\bin\server

VM Arguments:
jvm_args: -Djdk.module.main=jdk.jartool 
java_command: jdk.jartool/sun.tools.jar.Main --create --file smilecare.jar --main-class com.smilecare.Main -C build .
java_class_path (initial): <not set>
Launcher Type: SUN_STANDARD

[Global flags]
     intx CICompilerCount                          = 4                                         {product} {ergonomic}
     uint ConcGCThreads                            = 2                                         {product} {ergonomic}
     uint G1ConcRefinementThreads                  = 8                                         {product} {ergonomic}
   size_t G1HeapRegionSize                         = 2097152                                   {product} {ergonomic}
   size_t InitialHeapSize                          = 266338304                                 {product} {ergonomic}
   size_t MarkStackSize                            = 4194304                                   {product} {ergonomic}
   size_t MarkStackSizeMax                         = 536870912                                 {product} {ergonomic}
   size_t MaxHeapSize                              = 4236247040                                {product} {ergonomic}
   size_t MinHeapDeltaBytes                        = 2097152                                   {product} {ergonomic}
   size_t MinHeapSize                              = 8388608                                   {product} {ergonomic}
    uintx NonNMethodCodeHeapSize                   = 5832704                                {pd product} {ergonomic}
    uintx NonProfiledCodeHeapSize                  = 122945536                              {pd product} {ergonomic}
    uintx ProfiledCodeHeapSize                     = 122880000                              {pd product} {ergonomic}
    uintx ReservedCodeCacheSize                    = 251658240                              {pd product} {ergonomic}
     bool SegmentedCodeCache                       = true                                      {product} {ergonomic}
   size_t SoftMaxHeapSize                          = 4236247040                             {manageable} {ergonomic}
     bool UseCompressedOops                        = true                           {product lp64_product} {ergonomic}
     bool UseG1GC                                  = true                                      {product} {ergonomic}
     bool UseLargePagesIndividualAllocation        = false                                  {pd product} {ergonomic}

Logging:
Log output configuration:
 #0: stdout all=warning uptime,level,tags foldmultilines=false
 #1: stderr all=off uptime,level,tags foldmultilines=false

Release file:
<release file has not been read>
Environment Variables:
PATH=C:\Program Files\WindowsApps\Microsoft.PowerShell_7.6.5.0_x64__8wekyb3d8bbwe;C:\Program Files\Common Files\Oracle\Java\javapath;C:\python\Scripts\;C:\python\;C:\WINDOWS\system32;C:\WINDOWS;C:\WINDOWS\System32\Wbem;C:\WINDOWS\System32\WindowsPowerShell\v1.0\;C:\WINDOWS\System32\OpenSSH\;C:\composer;C:\Program Files\nodejs\;C:\Program Files\Git\cmd;C:\Program Files\GitHub CLI\;C:\Users\madha\AppData\Local\agy\bin;C:\Users\madha\AppData\Local\Microsoft\WindowsApps;C:\Users\madha\AppData\Local\Programs\Microsoft VS Code\bin;C:\wamp64\bin\php\php7.4.33;C:\Users\madha\composer;C:\Users\madha\AppData\Roaming\Composer\vendor\bin;C:\Users\madha\AppData\Roaming\npm;C:\Users\madha\.dotnet\tools;C:\Users\madha\AppData\Local\Programs\mongosh\;C:\Users\madha\AppData\Local\Programs\Antigravity\bin;C:\Users\madha\.antigravity\bin;C:\Users\madha\AppData\Local\Microsoft\WinGet\Packages\GitHub.Copilot_Microsoft.Winget.Source_8wekyb3d8bbwe;
USERNAME=madha
OS=Windows_NT
PROCESSOR_IDENTIFIER=Intel64 Family 6 Model 142 Stepping 12, GenuineIntel
TMP=C:\Users\madha\AppData\Local\Temp
TEMP=C:\Users\madha\AppData\Local\Temp




Compilation memory statistics disabled.

Periodic native trim disabled

---------------  S Y S T E M  ---------------

OS:
 Windows 11 , 64 bit Build 26100 (10.0.26100.7920)
OS uptime: 0 days 2:53 hours
Hyper-V role detected

CPU: total 8 (initial active 8) (4 cores per cpu, 2 threads per core) family 6 model 142 stepping 12 microcode 0x100, cx8, cmov, fxsr, ht, mmx, 3dnowpref, sse, sse2, sse3, ssse3, sse4.1, sse4.2, popcnt, lzcnt, tsc, tscinvbit, avx, avx2, aes, erms, clmul, bmi1, bmi2, adx, fma, vzeroupper, clflush, clflushopt, hv, rdtscp, f16c
Processor Information for processor 0
  Max Mhz: 2112, Current Mhz: 1508, Mhz Limit: 1605
Processor Information for processor 1
  Max Mhz: 2112, Current Mhz: 1508, Mhz Limit: 1605
Processor Information for processor 2
  Max Mhz: 2112, Current Mhz: 1508, Mhz Limit: 1605
Processor Information for processor 3
  Max Mhz: 2112, Current Mhz: 1609, Mhz Limit: 1605
Processor Information for processor 4
  Max Mhz: 2112, Current Mhz: 1508, Mhz Limit: 1605
Processor Information for processor 5
  Max Mhz: 2112, Current Mhz: 1508, Mhz Limit: 1605
Processor Information for processor 6
  Max Mhz: 2112, Current Mhz: 1508, Mhz Limit: 1605
Processor Information for processor 7
  Max Mhz: 2112, Current Mhz: 1508, Mhz Limit: 1605

Memory: 4k page, system-wide physical 16157M (4151M free)
TotalPageFile size 17293M (AvailPageFile size 160M)
current process WorkingSet (physical memory assigned to process): 14M, peak: 14M
current process commit charge ("private bytes"): 61M, peak: 315M

vm_info: Java HotSpot(TM) 64-Bit Server VM (25.0.1+8-LTS-27) for windows-amd64 JRE (25.0.1+8-LTS-27), built on 2025-09-25T16:41:16Z with unknown MS VC++:1943

END.
